Copyright 1986-2017 Xilinx, Inc. All Rights Reserved.
-----------------------------------------------------------------------------------------------
| Tool Version : Vivado v.2017.3 (win64) Build 2018833 Wed Oct  4 19:58:22 MDT 2017
| Date         : Sat Apr 24 20:55:13 2021
| Host         : LAPTOP-SATCEDK8 running 64-bit major release  (build 9200)
| Command      : report_control_sets -verbose -file seven_seg_birthday_control_sets_placed.rpt
| Design       : seven_seg_birthday
| Device       : xc7a100t
-----------------------------------------------------------------------------------------------

Control Set Information

Table of Contents
-----------------
1. Summary
2. Flip-Flop Distribution
3. Detailed Control Set Information

1. Summary
----------

+----------------------------------------------------------+-------+
|                          Status                          | Count |
+----------------------------------------------------------+-------+
| Number of unique control sets                            |     5 |
| Unused register locations in slices containing registers |    17 |
+----------------------------------------------------------+-------+


2. Flip-Flop Distribution
-------------------------

+--------------+-----------------------+------------------------+-----------------+--------------+
| Clock Enable | Synchronous Set/Reset | Asynchronous Set/Reset | Total Registers | Total Slices |
+--------------+-----------------------+------------------------+-----------------+--------------+
| No           | No                    | No                     |               8 |            2 |
| No           | No                    | Yes                    |               0 |            0 |
| No           | Yes                   | No                     |              32 |            8 |
| Yes          | No                    | No                     |               1 |            1 |
| Yes          | No                    | Yes                    |               0 |            0 |
| Yes          | Yes                   | No                     |               6 |            2 |
+--------------+-----------------------+------------------------+-----------------+--------------+


3. Detailed Control Set Information
-----------------------------------

+----------------+---------------------+---------------------+------------------+----------------+
|  Clock Signal  |    Enable Signal    |   Set/Reset Signal  | Slice Load Count | Bel Load Count |
+----------------+---------------------+---------------------+------------------+----------------+
|  clk_IBUF_BUFG |                     |                     |                1 |              1 |
|  clk_IBUF_BUFG | seg_data[4]_i_1_n_0 |                     |                1 |              1 |
|  clk_IBUF_BUFG | seg_data[4]_i_1_n_0 | seg_data[6]_i_1_n_0 |                2 |              6 |
|  clk_2hz       |                     |                     |                1 |              7 |
|  clk_IBUF_BUFG |                     | clear               |                8 |             32 |
+----------------+---------------------+---------------------+------------------+----------------+


+--------+-----------------------+
| Fanout | Number of ControlSets |
+--------+-----------------------+
| 1      |                     2 |
| 6      |                     1 |
| 7      |                     1 |
| 16+    |                     1 |
+--------+-----------------------+


